// Jest Snapshot v1, https://goo.gl/fbAQLP

exports[`Should render DeletePrompt with children 1`] = `
<div>
  <div
    class="delete-prompt"
  >
    <div
      class="delete-prompt__image-conatiner"
    >
      <img
        alt="Warning Image"
        class="delete-prompt__image"
        src="exclamation-mark-icon.svg"
      />
    </div>
    <h2
      class="delete-prompt__title"
    >
      Delete 
      Title
    </h2>
    <p
      class="delete-prompt__content"
    >
      Are you sure you want to delete this 
      Title
      ? This action cannot be undone.
    </p>
    <div
      class="delete-prompt__button-holder"
    >
      <button
        class="button white rounded-square-border border modal"
      >
        <div />
        <p
          class="text modal-text white"
        >
          Cancel
        </p>
      </button>
      <button
        class="button red rounded-square-border modal"
      >
        <div />
        <p
          class="text modal-text red"
        >
          Delete
        </p>
      </button>
    </div>
  </div>
</div>
`;
