// Jest Snapshot v1, https://goo.gl/fbAQLP

exports[`it should match the snapshot with props 1`] = `
<div>
  <div
    class="pathway-list"
  >
    <div
      class="pathway-list__header"
    >
      <h1
        class="pathway-list__title page-title"
      >
        Pathways List
      </h1>
    </div>
    <nav
      class="pathway-list__nav"
    >
      <div
        class="search-bar"
      >
        <img
          alt="Search Icon"
          class="search-bar__image"
          src="magnifying-glass-grey.svg"
        />
        <input
          class="search-bar__input"
          placeholder="Search for pathways"
          type="text"
          value=""
        />
      </div>
      <a
        href="/addpathway"
      >
        <button
          class="button black round-border large"
        >
          <div
            class="medium-img white-svg"
          >
            <svg>
              pen-icon.svg
            </svg>
          </div>
          <p
            class="text medium-text black"
          >
            Add Pathways
          </p>
        </button>
      </a>
    </nav>
    <div
      class="pathway-list__table"
    >
      <div
        class="ant-table-wrapper table"
      >
        <div
          class="ant-spin-nested-loading"
        >
          <div
            class="ant-spin-container"
          >
            <div
              class="ant-table"
            >
              <div
                class="ant-table-container"
              >
                <div
                  class="ant-table-content"
                >
                  <table
                    style="table-layout: auto;"
                  >
                    <colgroup />
                    <thead
                      class="ant-table-thead"
                    >
                      <tr>
                        <th
                          class="ant-table-cell table__cell"
                        >
                          PATHWAY NAME
                        </th>
                        <th
                          class="ant-table-cell table__cell"
                        >
                          PROVIDERS
                        </th>
                        <th
                          class="ant-table-cell table__cell"
                        >
                          NO OF COURSES
                        </th>
                        <th
                          class="ant-table-cell table__cell"
                        >
                          NO OF LESSONS
                        </th>
                        <th
                          class="ant-table-cell table__cell"
                        >
                          PATHWAYS LENGTH
                        </th>
                        <th
                          class="ant-table-cell table__cell"
                        >
                          STUDENTS ENROLLED
                        </th>
                        <th
                          class="ant-table-cell table__categories table__cell"
                        >
                          CATEGORY
                        </th>
                      </tr>
                    </thead>
                    <tbody
                      class="ant-table-tbody"
                    >
                      <tr
                        class="ant-table-row ant-table-row-level-0"
                        data-row-key="kjsvswkvfsihvds"
                      >
                        <td
                          class="ant-table-cell table__cell"
                        >
                          <a
                            class="table__name"
                            href="/pathways/FinancialForest"
                          >
                            Financial Forest
                          </a>
                        </td>
                        <td
                          class="ant-table-cell table__cell"
                        >
                          <img
                            class="table__providers"
                            src="https://firebasestorage.googleapis.com/v0/b/ecf-future-hub.appspot.com/o/pathway%2Ficons%2Fbarclays.svg?alt=media&token=eccb46a6-a98b-4a54-a04c-629d9745f1b7"
                          />
                          <img
                            class="table__providers"
                            src="https://firebasestorage.googleapis.com/v0/b/ecf-future-hub.appspot.com/o/pathway%2Ficons%2Fsantander.svg?alt=media&token=4be9b1c3-9230-4559-89eb-4fc13b219f08"
                          />
                          <img
                            class="table__providers"
                            src="https://firebasestorage.googleapis.com/v0/b/ecf-future-hub.appspot.com/o/pathway%2Ficons%2Fgoldman-sachs.svg?alt=media&token=2d816518-5b94-45d5-8d53-0c2e8b399960"
                          />
                          <img
                            class="table__providers"
                            src="https://firebasestorage.googleapis.com/v0/b/ecf-future-hub.appspot.com/o/pathway%2Ficons%2Fhsbc.svg?alt=media&token=f568f1fc-ade3-4bbf-9aee-1dc841cce600"
                          />
                          <img
                            class="table__providers"
                            src="https://firebasestorage.googleapis.com/v0/b/ecf-future-hub.appspot.com/o/pathway%2Ficons%2Fhalifax.svg?alt=media&token=0b431ade-cb19-4cc1-bc7d-b4d4456146a0"
                          />
                        </td>
                        <td
                          class="ant-table-cell table__cell"
                        >
                          3
                        </td>
                        <td
                          class="ant-table-cell table__cell"
                        >
                          122
                        </td>
                        <td
                          class="ant-table-cell table__cell"
                        >
                          19 hrs
                        </td>
                        <td
                          class="ant-table-cell table__cell"
                        >
                          21
                        </td>
                        <td
                          class="ant-table-cell table__categories table__cell"
                        >
                          <span
                            class="ant-tag ant-tag-green table__tag"
                          >
                            FINANCE
                          </span>
                        </td>
                      </tr>
                      <tr
                        class="ant-table-row ant-table-row-level-0"
                        data-row-key="kjsvswkvfsihvghfj"
                      >
                        <td
                          class="ant-table-cell table__cell"
                        >
                          <a
                            class="table__name"
                            href="/pathways/BusinessBonanza"
                          >
                            Business Bonanza
                          </a>
                        </td>
                        <td
                          class="ant-table-cell table__cell"
                        >
                          <img
                            class="table__providers"
                            src="https://firebasestorage.googleapis.com/v0/b/ecf-future-hub.appspot.com/o/pathway%2Ficons%2Fbarclays.svg?alt=media&token=eccb46a6-a98b-4a54-a04c-629d9745f1b7"
                          />
                          <img
                            class="table__providers"
                            src="https://firebasestorage.googleapis.com/v0/b/ecf-future-hub.appspot.com/o/pathway%2Ficons%2Fhalifax.svg?alt=media&token=0b431ade-cb19-4cc1-bc7d-b4d4456146a0"
                          />
                          <img
                            class="table__providers"
                            src="https://firebasestorage.googleapis.com/v0/b/ecf-future-hub.appspot.com/o/pathway%2Ficons%2Fhsbc.svg?alt=media&token=f568f1fc-ade3-4bbf-9aee-1dc841cce600"
                          />
                          <img
                            class="table__providers"
                            src="https://firebasestorage.googleapis.com/v0/b/ecf-future-hub.appspot.com/o/pathway%2Ficons%2Fgoldman-sachs.svg?alt=media&token=2d816518-5b94-45d5-8d53-0c2e8b399960"
                          />
                          <img
                            class="table__providers"
                            src="https://firebasestorage.googleapis.com/v0/b/ecf-future-hub.appspot.com/o/pathway%2Ficons%2Fsantander.svg?alt=media&token=4be9b1c3-9230-4559-89eb-4fc13b219f08"
                          />
                        </td>
                        <td
                          class="ant-table-cell table__cell"
                        >
                          3
                        </td>
                        <td
                          class="ant-table-cell table__cell"
                        >
                          122
                        </td>
                        <td
                          class="ant-table-cell table__cell"
                        >
                          19 hrs
                        </td>
                        <td
                          class="ant-table-cell table__cell"
                        >
                          21
                        </td>
                        <td
                          class="ant-table-cell table__categories table__cell"
                        >
                          <span
                            class="ant-tag ant-tag-cyan table__tag"
                          >
                            PROGRAMMING
                          </span>
                        </td>
                      </tr>
                    </tbody>
                  </table>
                </div>
              </div>
            </div>
            <ul
              class="ant-pagination ant-table-pagination ant-table-pagination-left"
              unselectable="unselectable"
            >
              <li
                aria-disabled="true"
                class="ant-pagination-prev ant-pagination-disabled"
                title="Previous Page"
              >
                <button
                  class="ant-pagination-item-link"
                  disabled=""
                  tabindex="-1"
                  type="button"
                >
                  <span
                    aria-label="left"
                    class="anticon anticon-left"
                    role="img"
                  >
                    <svg
                      aria-hidden="true"
                      data-icon="left"
                      fill="currentColor"
                      focusable="false"
                      height="1em"
                      viewBox="64 64 896 896"
                      width="1em"
                    >
                      <path
                        d="M724 218.3V141c0-6.7-7.7-10.4-12.9-6.3L260.3 486.8a31.86 31.86 0 000 50.3l450.8 352.1c5.3 4.1 12.9.4 12.9-6.3v-77.3c0-4.9-2.3-9.6-6.1-12.6l-360-281 360-281.1c3.8-3 6.1-7.7 6.1-12.6z"
                      />
                    </svg>
                  </span>
                </button>
              </li>
              <li
                class="ant-pagination-item ant-pagination-item-1 ant-pagination-item-active"
                tabindex="0"
                title="1"
              >
                <a
                  rel="nofollow"
                >
                  1
                </a>
              </li>
              <li
                aria-disabled="true"
                class="ant-pagination-next ant-pagination-disabled"
                title="Next Page"
              >
                <button
                  class="ant-pagination-item-link"
                  disabled=""
                  tabindex="-1"
                  type="button"
                >
                  <span
                    aria-label="right"
                    class="anticon anticon-right"
                    role="img"
                  >
                    <svg
                      aria-hidden="true"
                      data-icon="right"
                      fill="currentColor"
                      focusable="false"
                      height="1em"
                      viewBox="64 64 896 896"
                      width="1em"
                    >
                      <path
                        d="M765.7 486.8L314.9 134.7A7.97 7.97 0 00302 141v77.3c0 4.9 2.3 9.6 6.1 12.6l360 281.1-360 281.1c-3.9 3-6.1 7.7-6.1 12.6V883c0 6.7 7.7 10.4 12.9 6.3l450.8-352.1a31.96 31.96 0 000-50.4z"
                      />
                    </svg>
                  </span>
                </button>
              </li>
            </ul>
          </div>
        </div>
      </div>
    </div>
  </div>
</div>
`;
