// Jest Snapshot v1, https://goo.gl/fbAQLP

exports[`Should render the Button 1`] = `
<div>
  <button>
    <div />
    <p>
       
    </p>
  </button>
</div>
`;
