// Jest Snapshot v1, https://goo.gl/fbAQLP

exports[`should render the paragraph 1`] = `
<div>
  <div>
    <p
      class="title__text"
    >
      Feugiat magna viverra pellentesque habitant. Libero id amet nisl, tellus cras eleifend et in. 
    </p>
  </div>
</div>
`;
