// Jest Snapshot v1, https://goo.gl/fbAQLP

exports[`renders the NavBar 1`] = `
<div>
  <div
    class="nav-bar"
  >
    <div
      class="nav-bar__container"
    >
      <div
        class="nav-bar__logo"
      >
        <a
          class="link"
          href="/"
        >
          <div
            class="logo"
          >
            <div
              class="logo__box"
            >
              <img
                alt="The Future Hub Logo"
                class="logo__image"
                src="ECFP-company-logo.svg"
              />
            </div>
            <p
              class="logo__top-title"
            >
              THE
            </p>
            <h3
              class="logo__title"
            >
              FUTURE HUB
            </h3>
          </div>
        </a>
      </div>
      <ul
        class="nav-bar__link-list"
      >
        <a
          class="link"
          href="/"
        >
          <div
            class="nav-bar-item"
          >
            <div
              class="nav-bar-item__image"
            >
              <svg>
                dashboard-windows-square.svg
              </svg>
            </div>
            <p
              class="nav-bar-item__text"
            >
              Dashboard
            </p>
          </div>
        </a>
        <a
          class="link"
          href="/pathways"
        >
          <div
            class="nav-bar-item"
          >
            <div
              class="nav-bar-item__image"
            >
              <svg>
                pathways-chain-icon.svg
              </svg>
            </div>
            <p
              class="nav-bar-item__text"
            >
              Pathways
            </p>
          </div>
        </a>
        <a
          class="link"
          href="/articles"
        >
          <div
            class="nav-bar-item"
          >
            <div
              class="nav-bar-item__image"
            >
              <svg>
                article-book-icon.svg
              </svg>
            </div>
            <p
              class="nav-bar-item__text"
            >
              Articles
            </p>
          </div>
        </a>
        <a
          class="link"
          href="/marketplace"
        >
          <div
            class="nav-bar-item"
          >
            <div
              class="nav-bar-item__image"
            >
              <svg>
                marketplace-shopping-trolley-icon.svg
              </svg>
            </div>
            <p
              class="nav-bar-item__text"
            >
              Marketplace
            </p>
          </div>
        </a>
        <a
          class="link"
          href="/users"
        >
          <div
            class="nav-bar-item"
          >
            <div
              class="nav-bar-item__image"
            >
              <svg>
                users-people-icon.svg
              </svg>
            </div>
            <p
              class="nav-bar-item__text"
            >
              Users
            </p>
          </div>
        </a>
      </ul>
      <a
        class="link"
        href="/settings"
      >
        <div
          class="nav-bar-item"
        >
          <div
            class="nav-bar-item__image"
          >
            <svg>
              cog-icon.svg
            </svg>
          </div>
          <p
            class="nav-bar-item__text"
          >
            Settings
          </p>
        </div>
      </a>
    </div>
  </div>
</div>
`;
