// Jest Snapshot v1, https://goo.gl/fbAQLP

exports[`Should render layout with children 1`] = `
<div>
  <h1>
    test title
  </h1>
</div>
`;
