// Jest Snapshot v1, https://goo.gl/fbAQLP

exports[`Should render layout with children 1`] = `
<div>
  <div
    class="component-header"
  >
    <h1
      class="component-header__title"
    >
      test title
    </h1>
  </div>
</div>
`;
