// Jest Snapshot v1, https://goo.gl/fbAQLP

exports[`should render the title 1`] = `
<div>
  <div
    class="title"
  >
    <h1
      class="title__heading"
    >
      Welcome Back
    </h1>
  </div>
</div>
`;
