// Jest Snapshot v1, https://goo.gl/fbAQLP

exports[`PathwayIntroduction component matches the snapshot taken 1`] = `
<div>
  <div
    class="pathway-introduction"
  >
    <img
      alt="pathway thumbnail"
      class="pathway-introduction__image"
    />
    <h2
      class="pathway-introduction__title"
    >
      Pathway Overview
    </h2>
    <p
      class="pathway-introduction__description"
    />
  </div>
</div>
`;
